Error: Error transforming route file D:/Code/Front-end/博客/src/routes/_layout.posts_.$slug.tsx: SyntaxError: Unexpected token, expected "," (108:17)
    at file:///D:/Code/Front-end/%E5%8D%9A%E5%AE%A2/node_modules/.pnpm/@tanstack+router-generator@1.167.22/node_modules/@tanstack/router-generator/dist/esm/generator.js:143:13
    at async generate (file:///D:/Code/Front-end/%E5%8D%9A%E5%AE%A2/node_modules/.pnpm/@tanstack+router-plugin@1.1_01bef2caf53cedfc5ad2370cc79678fa/node_modules/@tanstack/router-plugin/dist/esm/core/router-generator-plugin.js:39:4)
    at async BasicMinimalPluginContext.configResolved (file:///D:/Code/Front-end/%E5%8D%9A%E5%AE%A2/node_modules/.pnpm/@tanstack+router-plugin@1.1_01bef2caf53cedfc5ad2370cc79678fa/node_modules/@tanstack/router-plugin/dist/esm/core/router-generator-plugin.js:56:4)
    at async Promise.all (index 1)
    at async resolveConfig (file:///D:/Code/Front-end/%E5%8D%9A%E5%AE%A2/node_modules/.pnpm/vite@7.3.6_@types+node@22.2_46041a9d4deccce9f9aaf674d7cdda12/node_modules/vite/dist/node/chunks/config.js:35762:2)
    at async createBuilder (file:///D:/Code/Front-end/%E5%8D%9A%E5%AE%A2/node_modules/.pnpm/vite@7.3.6_@types+node@22.2_46041a9d4deccce9f9aaf674d7cdda12/node_modules/vite/dist/node/chunks/config.js:33955:19)
    at async CAC.<anonymous> (file:///D:/Code/Front-end/%E5%8D%9A%E5%AE%A2/node_modules/.pnpm/vite@7.3.6_@types+node@22.2_46041a9d4deccce9f9aaf674d7cdda12/node_modules/vite/dist/node/cli.js:629:10)
[31m✗[39m Build failed in 518ms
[31merror during build:
[31m[vite:esbuild] Transform failed with 1 error:
D:/Code/Front-end/博客/src/routes/_layout.posts_.$slug.tsx:108:17: ERROR: Expected "]" but found "page"[31m
file: [36mD:/Code/Front-end/博客/src/routes/_layout.posts_.$slug.tsx:108:17[31m
[33m
[33mExpected "]" but found "page"[33m
106 |  }
107 |  
108 |  console.log([DBG page top-level] imports loaded);
    |                   ^
109 |  
[31m
    at failureErrorWithLog (D:\Code\Front-end\博客\node_modules\.pnpm\esbuild@0.28.1\node_modules\esbuild\lib\main.js:1748:15)
    at D:\Code\Front-end\博客\node_modules\.pnpm\esbuild@0.28.1\node_modules\esbuild\lib\main.js:1017:50
    at responseCallbacks.<computed> (D:\Code\Front-end\博客\node_modules\.pnpm\esbuild@0.28.1\node_modules\esbuild\lib\main.js:884:9)
    at handleIncomingPacket (D:\Code\Front-end\博客\node_modules\.pnpm\esbuild@0.28.1\node_modules\esbuild\lib\main.js:939:12)
    at Socket.readFromStdout (D:\Code\Front-end\博客\node_modules\.pnpm\esbuild@0.28.1\node_modules\esbuild\lib\main.js:862:7)
    at Socket.emit (node:events:518:28)
    at addChunk (node:internal/streams/readable:561:12)
    at readableAddChunkPushByteMode (node:internal/streams/readable:512:3)
    at Readable.push (node:internal/streams/readable:392:5)
    at Pipe.onStreamRead (node:internal/stream_base_commons:189:23)[39m
